\BOOKMARK [0][-]{chapter*.2}{\376\377\000A\000c\000k\000n\000o\000w\000l\000e\000d\000g\000m\000e\000n\000t\000s}{}% 1
\BOOKMARK [0][-]{chapter*.3}{\376\377\000A\000b\000s\000t\000r\000a\000c\000t}{}% 2
\BOOKMARK [0][-]{chapter*.4}{\376\377\000R\000\351\000s\000u\000m\000\351}{}% 3
\BOOKMARK [0][-]{chapter.1}{\376\377\000I\000n\000t\000r\000o\000d\000u\000c\000t\000i\000o\000n}{}% 4
\BOOKMARK [1][-]{section.1.1}{\376\377\000C\000o\000n\000t\000e\000x\000t}{chapter.1}% 5
\BOOKMARK [1][-]{section.1.2}{\376\377\000P\000r\000o\000b\000l\000e\000m\000\040\000S\000t\000a\000t\000e\000m\000e\000n\000t}{chapter.1}% 6
\BOOKMARK [1][-]{section.1.3}{\376\377\000P\000r\000o\000p\000o\000s\000e\000d\000\040\000S\000o\000l\000u\000t\000i\000o\000n}{chapter.1}% 7
\BOOKMARK [1][-]{section.1.4}{\376\377\000O\000b\000j\000e\000c\000t\000i\000v\000e\000s}{chapter.1}% 8
\BOOKMARK [1][-]{section.1.5}{\376\377\000R\000e\000p\000o\000r\000t\000\040\000S\000t\000r\000u\000c\000t\000u\000r\000e}{chapter.1}% 9
\BOOKMARK [0][-]{chapter.2}{\376\377\000S\000t\000a\000t\000e\000\040\000o\000f\000\040\000t\000h\000e\000\040\000A\000r\000t}{}% 10
\BOOKMARK [1][-]{section.2.1}{\376\377\000A\000u\000t\000o\000n\000o\000m\000o\000u\000s\000\040\000D\000r\000i\000v\000i\000n\000g\000\040\000N\000e\000t\000w\000o\000r\000k\000s}{chapter.2}% 11
\BOOKMARK [1][-]{section.2.2}{\376\377\000C\000E\000M\000\040\000a\000n\000d\000\040\000C\000V\000M\000\040\000i\000n\000\040\000T\000e\000l\000e\000c\000o\000m\000m\000u\000n\000i\000c\000a\000t\000i\000o\000n\000s}{chapter.2}% 12
\BOOKMARK [1][-]{section.2.3}{\376\377\000M\000a\000c\000h\000i\000n\000e\000\040\000L\000e\000a\000r\000n\000i\000n\000g\000\040\000f\000o\000r\000\040\000N\000e\000t\000w\000o\000r\000k\000\040\000I\000n\000t\000e\000l\000l\000i\000g\000e\000n\000c\000e}{chapter.2}% 13
\BOOKMARK [2][-]{subsection.2.3.1}{\376\377\000G\000r\000a\000d\000i\000e\000n\000t\000\040\000B\000o\000o\000s\000t\000i\000n\000g\000\040\000f\000o\000r\000\040\000R\000e\000g\000r\000e\000s\000s\000i\000o\000n}{section.2.3}% 14
\BOOKMARK [2][-]{subsection.2.3.2}{\376\377\000I\000s\000o\000l\000a\000t\000i\000o\000n\000\040\000F\000o\000r\000e\000s\000t\000\040\000f\000o\000r\000\040\000A\000n\000o\000m\000a\000l\000y\000\040\000D\000e\000t\000e\000c\000t\000i\000o\000n}{section.2.3}% 15
\BOOKMARK [2][-]{subsection.2.3.3}{\376\377\000C\000o\000r\000r\000e\000l\000a\000t\000i\000o\000n\000\040\000A\000n\000a\000l\000y\000s\000i\000s}{section.2.3}% 16
\BOOKMARK [1][-]{section.2.4}{\376\377\000C\000l\000o\000u\000d\000-\000N\000a\000t\000i\000v\000e\000\040\000A\000r\000c\000h\000i\000t\000e\000c\000t\000u\000r\000e}{chapter.2}% 17
\BOOKMARK [1][-]{section.2.5}{\376\377\000L\000a\000r\000g\000e\000\040\000L\000a\000n\000g\000u\000a\000g\000e\000\040\000M\000o\000d\000e\000l\000s\000\040\000f\000o\000r\000\040\000O\000p\000e\000r\000a\000t\000i\000o\000n\000s}{chapter.2}% 18
\BOOKMARK [1][-]{section.2.6}{\376\377\000E\000x\000i\000s\000t\000i\000n\000g\000\040\000S\000o\000l\000u\000t\000i\000o\000n\000s\000\040\000a\000n\000d\000\040\000P\000o\000s\000i\000t\000i\000o\000n\000i\000n\000g}{chapter.2}% 19
\BOOKMARK [0][-]{chapter.3}{\376\377\000R\000e\000q\000u\000i\000r\000e\000m\000e\000n\000t\000s\000\040\000A\000n\000a\000l\000y\000s\000i\000s}{}% 20
\BOOKMARK [1][-]{section.3.1}{\376\377\000H\000o\000s\000t\000\040\000O\000r\000g\000a\000n\000i\000z\000a\000t\000i\000o\000n}{chapter.3}% 21
\BOOKMARK [2][-]{subsection.3.1.1}{\376\377\000H\000u\000a\000w\000e\000i\000\040\000T\000e\000c\000h\000n\000o\000l\000o\000g\000i\000e\000s\000\040\000T\000u\000n\000i\000s\000i\000a}{section.3.1}% 22
\BOOKMARK [2][-]{subsection.3.1.2}{\376\377\000P\000r\000o\000j\000e\000c\000t\000\040\000C\000o\000n\000t\000e\000x\000t}{section.3.1}% 23
\BOOKMARK [1][-]{section.3.2}{\376\377\000F\000u\000n\000c\000t\000i\000o\000n\000a\000l\000\040\000R\000e\000q\000u\000i\000r\000e\000m\000e\000n\000t\000s}{chapter.3}% 24
\BOOKMARK [1][-]{section.3.3}{\376\377\000N\000o\000n\000-\000F\000u\000n\000c\000t\000i\000o\000n\000a\000l\000\040\000R\000e\000q\000u\000i\000r\000e\000m\000e\000n\000t\000s}{chapter.3}% 25
\BOOKMARK [1][-]{section.3.4}{\376\377\000U\000s\000e\000\040\000C\000a\000s\000e\000\040\000D\000i\000a\000g\000r\000a\000m}{chapter.3}% 26
\BOOKMARK [1][-]{section.3.5}{\376\377\000D\000a\000t\000a\000\040\000R\000e\000q\000u\000i\000r\000e\000m\000e\000n\000t\000s}{chapter.3}% 27
\BOOKMARK [2][-]{subsection.3.5.1}{\376\377\000O\000S\000S\000\040\000D\000a\000t\000a\000\040\000S\000c\000h\000e\000m\000a}{section.3.5}% 28
\BOOKMARK [2][-]{subsection.3.5.2}{\376\377\000B\000S\000S\000\040\000D\000a\000t\000a\000\040\000S\000c\000h\000e\000m\000a}{section.3.5}% 29
\BOOKMARK [1][-]{section.3.6}{\376\377\000S\000p\000r\000i\000n\000t\000\040\000P\000l\000a\000n\000n\000i\000n\000g}{chapter.3}% 30
\BOOKMARK [0][-]{chapter.4}{\376\377\000A\000r\000c\000h\000i\000t\000e\000c\000t\000u\000r\000e\000\040\000D\000e\000s\000i\000g\000n}{}% 31
\BOOKMARK [1][-]{section.4.1}{\376\377\000S\000y\000s\000t\000e\000m\000\040\000O\000v\000e\000r\000v\000i\000e\000w}{chapter.4}% 32
\BOOKMARK [1][-]{section.4.2}{\376\377\000S\000e\000r\000v\000i\000c\000e\000\040\000D\000e\000c\000o\000m\000p\000o\000s\000i\000t\000i\000o\000n}{chapter.4}% 33
\BOOKMARK [1][-]{section.4.3}{\376\377\000D\000a\000t\000a\000\040\000F\000l\000o\000w\000\040\000A\000r\000c\000h\000i\000t\000e\000c\000t\000u\000r\000e}{chapter.4}% 34
\BOOKMARK [1][-]{section.4.4}{\376\377\000D\000a\000t\000a\000b\000a\000s\000e\000\040\000S\000c\000h\000e\000m\000a}{chapter.4}% 35
\BOOKMARK [1][-]{section.4.5}{\376\377\000T\000e\000c\000h\000n\000o\000l\000o\000g\000y\000\040\000S\000t\000a\000c\000k\000\040\000J\000u\000s\000t\000i\000f\000i\000c\000a\000t\000i\000o\000n}{chapter.4}% 36
\BOOKMARK [1][-]{section.4.6}{\376\377\000H\000u\000a\000w\000e\000i\000\040\000C\000l\000o\000u\000d\000\040\000S\000t\000a\000c\000k\000\040\000M\000a\000p\000p\000i\000n\000g}{chapter.4}% 37
\BOOKMARK [0][-]{chapter.5}{\376\377\000I\000m\000p\000l\000e\000m\000e\000n\000t\000a\000t\000i\000o\000n}{}% 38
\BOOKMARK [1][-]{section.5.1}{\376\377\000D\000e\000v\000e\000l\000o\000p\000m\000e\000n\000t\000\040\000E\000n\000v\000i\000r\000o\000n\000m\000e\000n\000t}{chapter.5}% 39
\BOOKMARK [1][-]{section.5.2}{\376\377\000A\000P\000I\000\040\000G\000a\000t\000e\000w\000a\000y\000\040\000I\000m\000p\000l\000e\000m\000e\000n\000t\000a\000t\000i\000o\000n}{chapter.5}% 40
\BOOKMARK [1][-]{section.5.3}{\376\377\000P\000i\000p\000e\000l\000i\000n\000e\000\040\000W\000o\000r\000k\000e\000r\000\040\000I\000m\000p\000l\000e\000m\000e\000n\000t\000a\000t\000i\000o\000n}{chapter.5}% 41
\BOOKMARK [1][-]{section.5.4}{\376\377\000A\000u\000t\000h\000e\000n\000t\000i\000c\000a\000t\000i\000o\000n\000\040\000S\000e\000r\000v\000i\000c\000e}{chapter.5}% 42
\BOOKMARK [1][-]{section.5.5}{\376\377\000D\000a\000s\000h\000b\000o\000a\000r\000d\000\040\000I\000m\000p\000l\000e\000m\000e\000n\000t\000a\000t\000i\000o\000n}{chapter.5}% 43
\BOOKMARK [1][-]{section.5.6}{\376\377\000D\000o\000c\000k\000e\000r\000\040\000O\000r\000c\000h\000e\000s\000t\000r\000a\000t\000i\000o\000n}{chapter.5}% 44
\BOOKMARK [0][-]{chapter.6}{\376\377\000M\000a\000c\000h\000i\000n\000e\000\040\000L\000e\000a\000r\000n\000i\000n\000g\000\040\000M\000o\000d\000e\000l\000s}{}% 45
\BOOKMARK [1][-]{section.6.1}{\376\377\000O\000v\000e\000r\000v\000i\000e\000w}{chapter.6}% 46
\BOOKMARK [1][-]{section.6.2}{\376\377\000S\000L\000A\000\040\000R\000i\000s\000k\000\040\000P\000r\000e\000d\000i\000c\000t\000i\000o\000n\000\040\000M\000o\000d\000e\000l}{chapter.6}% 47
\BOOKMARK [2][-]{subsection.6.2.1}{\376\377\000P\000r\000o\000b\000l\000e\000m\000\040\000F\000o\000r\000m\000u\000l\000a\000t\000i\000o\000n}{section.6.2}% 48
\BOOKMARK [2][-]{subsection.6.2.2}{\376\377\000F\000e\000a\000t\000u\000r\000e\000\040\000E\000n\000g\000i\000n\000e\000e\000r\000i\000n\000g}{section.6.2}% 49
\BOOKMARK [2][-]{subsection.6.2.3}{\376\377\000M\000o\000d\000e\000l\000\040\000A\000r\000c\000h\000i\000t\000e\000c\000t\000u\000r\000e}{section.6.2}% 50
\BOOKMARK [2][-]{subsection.6.2.4}{\376\377\000T\000r\000a\000i\000n\000i\000n\000g\000\040\000a\000n\000d\000\040\000E\000v\000a\000l\000u\000a\000t\000i\000o\000n}{section.6.2}% 51
\BOOKMARK [2][-]{subsection.6.2.5}{\376\377\000E\000x\000p\000l\000a\000i\000n\000a\000b\000i\000l\000i\000t\000y}{section.6.2}% 52
\BOOKMARK [1][-]{section.6.3}{\376\377\000O\000S\000S\000\040\000N\000e\000t\000w\000o\000r\000k\000\040\000A\000n\000o\000m\000a\000l\000y\000\040\000D\000e\000t\000e\000c\000t\000i\000o\000n}{chapter.6}% 53
\BOOKMARK [2][-]{subsection.6.3.1}{\376\377\000P\000r\000o\000b\000l\000e\000m\000\040\000F\000o\000r\000m\000u\000l\000a\000t\000i\000o\000n}{section.6.3}% 54
\BOOKMARK [2][-]{subsection.6.3.2}{\376\377\000F\000e\000a\000t\000u\000r\000e\000s}{section.6.3}% 55
\BOOKMARK [2][-]{subsection.6.3.3}{\376\377\000I\000s\000o\000l\000a\000t\000i\000o\000n\000F\000o\000r\000e\000s\000t\000\040\000C\000o\000n\000f\000i\000g\000u\000r\000a\000t\000i\000o\000n}{section.6.3}% 56
\BOOKMARK [1][-]{section.6.4}{\376\377\000B\000S\000S\000\040\000R\000e\000v\000e\000n\000u\000e\000\040\000A\000n\000o\000m\000a\000l\000y\000\040\000D\000e\000t\000e\000c\000t\000i\000o\000n}{chapter.6}% 57
\BOOKMARK [2][-]{subsection.6.4.1}{\376\377\000A\000n\000o\000m\000a\000l\000y\000\040\000P\000a\000t\000t\000e\000r\000n\000s}{section.6.4}% 58
\BOOKMARK [2][-]{subsection.6.4.2}{\376\377\000F\000e\000a\000t\000u\000r\000e\000s}{section.6.4}% 59
\BOOKMARK [1][-]{section.6.5}{\376\377\000M\000o\000d\000e\000l\000\040\000D\000e\000p\000l\000o\000y\000m\000e\000n\000t\000\040\000A\000r\000c\000h\000i\000t\000e\000c\000t\000u\000r\000e}{chapter.6}% 60
\BOOKMARK [1][-]{section.6.6}{\376\377\000C\000o\000n\000t\000i\000n\000u\000o\000u\000s\000\040\000T\000r\000a\000i\000n\000i\000n\000g\000\040\000S\000t\000r\000a\000t\000e\000g\000y}{chapter.6}% 61
\BOOKMARK [0][-]{chapter.7}{\376\377\000L\0004\000\040\000A\000u\000t\000o\000n\000o\000m\000o\000u\000s\000\040\000A\000g\000e\000n\000t}{}% 62
\BOOKMARK [1][-]{section.7.1}{\376\377\000A\000D\000N\000\040\000L\000e\000v\000e\000l\000\040\0004\000:\000\040\000A\000u\000t\000o\000n\000o\000m\000o\000u\000s\000\040\000O\000p\000e\000r\000a\000t\000i\000o\000n\000s}{chapter.7}% 63
\BOOKMARK [1][-]{section.7.2}{\376\377\000A\000g\000e\000n\000t\000\040\000A\000r\000c\000h\000i\000t\000e\000c\000t\000u\000r\000e}{chapter.7}% 64
\BOOKMARK [1][-]{section.7.3}{\376\377\000D\000e\000c\000i\000s\000i\000o\000n\000\040\000E\000n\000g\000i\000n\000e}{chapter.7}% 65
\BOOKMARK [2][-]{subsection.7.3.1}{\376\377\000A\000c\000t\000i\000o\000n\000\040\000T\000y\000p\000e\000s}{section.7.3}% 66
\BOOKMARK [2][-]{subsection.7.3.2}{\376\377\000D\000e\000c\000i\000s\000i\000o\000n\000\040\000R\000u\000l\000e\000s}{section.7.3}% 67
\BOOKMARK [1][-]{section.7.4}{\376\377\000L\000L\000M\000\040\000I\000n\000t\000e\000g\000r\000a\000t\000i\000o\000n}{chapter.7}% 68
\BOOKMARK [2][-]{subsection.7.4.1}{\376\377\000L\000o\000c\000a\000l\000\040\000D\000e\000p\000l\000o\000y\000m\000e\000n\000t\000\040\000w\000i\000t\000h\000\040\000O\000l\000l\000a\000m\000a}{section.7.4}% 69
\BOOKMARK [2][-]{subsection.7.4.2}{\376\377\000C\000o\000n\000t\000e\000x\000t\000-\000A\000w\000a\000r\000e\000\040\000P\000r\000o\000m\000p\000t\000i\000n\000g}{section.7.4}% 70
\BOOKMARK [2][-]{subsection.7.4.3}{\376\377\000S\000t\000r\000e\000a\000m\000i\000n\000g\000\040\000A\000r\000c\000h\000i\000t\000e\000c\000t\000u\000r\000e}{section.7.4}% 71
\BOOKMARK [1][-]{section.7.5}{\376\377\000D\000a\000s\000h\000b\000o\000a\000r\000d\000\040\000I\000n\000t\000e\000g\000r\000a\000t\000i\000o\000n}{chapter.7}% 72
\BOOKMARK [1][-]{section.7.6}{\376\377\000C\000l\000o\000s\000e\000d\000-\000L\000o\000o\000p\000\040\000O\000p\000e\000r\000a\000t\000i\000o\000n}{chapter.7}% 73
\BOOKMARK [0][-]{chapter.8}{\376\377\000D\000e\000p\000l\000o\000y\000m\000e\000n\000t\000\040\000a\000n\000d\000\040\000C\000I\000/\000C\000D}{}% 74
\BOOKMARK [1][-]{section.8.1}{\376\377\000L\000o\000c\000a\000l\000\040\000D\000e\000p\000l\000o\000y\000m\000e\000n\000t}{chapter.8}% 75
\BOOKMARK [2][-]{subsection.8.1.1}{\376\377\000S\000i\000n\000g\000l\000e\000-\000C\000o\000m\000m\000a\000n\000d\000\040\000S\000t\000a\000r\000t\000u\000p}{section.8.1}% 76
\BOOKMARK [2][-]{subsection.8.1.2}{\376\377\000S\000e\000r\000v\000i\000c\000e\000\040\000H\000e\000a\000l\000t\000h\000\040\000V\000e\000r\000i\000f\000i\000c\000a\000t\000i\000o\000n}{section.8.1}% 77
\BOOKMARK [1][-]{section.8.2}{\376\377\000D\000o\000c\000k\000e\000r\000\040\000C\000o\000n\000f\000i\000g\000u\000r\000a\000t\000i\000o\000n}{chapter.8}% 78
\BOOKMARK [2][-]{subsection.8.2.1}{\376\377\000B\000a\000s\000e\000\040\000I\000m\000a\000g\000e\000s}{section.8.2}% 79
\BOOKMARK [2][-]{subsection.8.2.2}{\376\377\000V\000o\000l\000u\000m\000e\000\040\000S\000t\000r\000a\000t\000e\000g\000y}{section.8.2}% 80
\BOOKMARK [2][-]{subsection.8.2.3}{\376\377\000H\000e\000a\000l\000t\000h\000\040\000C\000h\000e\000c\000k\000s}{section.8.2}% 81
\BOOKMARK [1][-]{section.8.3}{\376\377\000C\000I\000/\000C\000D\000\040\000P\000i\000p\000e\000l\000i\000n\000e}{chapter.8}% 82
\BOOKMARK [2][-]{subsection.8.3.1}{\376\377\000G\000i\000t\000H\000u\000b\000\040\000A\000c\000t\000i\000o\000n\000s\000\040\000W\000o\000r\000k\000f\000l\000o\000w}{section.8.3}% 83
\BOOKMARK [2][-]{subsection.8.3.2}{\376\377\000C\000o\000n\000t\000a\000i\000n\000e\000r\000\040\000R\000e\000g\000i\000s\000t\000r\000y}{section.8.3}% 84
\BOOKMARK [1][-]{section.8.4}{\376\377\000H\000u\000a\000w\000e\000i\000\040\000C\000l\000o\000u\000d\000\040\000S\000t\000a\000c\000k\000\040\000D\000e\000p\000l\000o\000y\000m\000e\000n\000t}{chapter.8}% 85
\BOOKMARK [2][-]{subsection.8.4.1}{\376\377\000M\000i\000g\000r\000a\000t\000i\000o\000n\000\040\000S\000t\000r\000a\000t\000e\000g\000y}{section.8.4}% 86
\BOOKMARK [2][-]{subsection.8.4.2}{\376\377\000E\000n\000v\000i\000r\000o\000n\000m\000e\000n\000t\000\040\000C\000o\000n\000f\000i\000g\000u\000r\000a\000t\000i\000o\000n}{section.8.4}% 87
\BOOKMARK [0][-]{chapter.9}{\376\377\000R\000e\000s\000u\000l\000t\000s\000\040\000a\000n\000d\000\040\000E\000v\000a\000l\000u\000a\000t\000i\000o\000n}{}% 88
\BOOKMARK [1][-]{section.9.1}{\376\377\000P\000l\000a\000t\000f\000o\000r\000m\000\040\000F\000u\000n\000c\000t\000i\000o\000n\000a\000l\000\040\000V\000a\000l\000i\000d\000a\000t\000i\000o\000n}{chapter.9}% 89
\BOOKMARK [1][-]{section.9.2}{\376\377\000M\000L\000\040\000M\000o\000d\000e\000l\000\040\000P\000e\000r\000f\000o\000r\000m\000a\000n\000c\000e}{chapter.9}% 90
\BOOKMARK [2][-]{subsection.9.2.1}{\376\377\000S\000L\000A\000\040\000R\000i\000s\000k\000\040\000M\000o\000d\000e\000l}{section.9.2}% 91
\BOOKMARK [2][-]{subsection.9.2.2}{\376\377\000A\000n\000o\000m\000a\000l\000y\000\040\000D\000e\000t\000e\000c\000t\000i\000o\000n\000\040\000M\000o\000d\000e\000l\000s}{section.9.2}% 92
\BOOKMARK [1][-]{section.9.3}{\376\377\000P\000i\000p\000e\000l\000i\000n\000e\000\040\000P\000e\000r\000f\000o\000r\000m\000a\000n\000c\000e}{chapter.9}% 93
\BOOKMARK [1][-]{section.9.4}{\376\377\000A\000P\000I\000\040\000P\000e\000r\000f\000o\000r\000m\000a\000n\000c\000e}{chapter.9}% 94
\BOOKMARK [1][-]{section.9.5}{\376\377\000L\0004\000\040\000A\000g\000e\000n\000t\000\040\000E\000v\000a\000l\000u\000a\000t\000i\000o\000n}{chapter.9}% 95
\BOOKMARK [1][-]{section.9.6}{\376\377\000D\000a\000s\000h\000b\000o\000a\000r\000d\000\040\000S\000c\000r\000e\000e\000n\000s\000h\000o\000t\000s}{chapter.9}% 96
\BOOKMARK [1][-]{section.9.7}{\376\377\000S\000e\000c\000u\000r\000i\000t\000y\000\040\000A\000u\000d\000i\000t}{chapter.9}% 97
\BOOKMARK [0][-]{chapter.10}{\376\377\000C\000o\000n\000c\000l\000u\000s\000i\000o\000n\000\040\000a\000n\000d\000\040\000F\000u\000t\000u\000r\000e\000\040\000W\000o\000r\000k}{}% 98
\BOOKMARK [1][-]{section.10.1}{\376\377\000S\000u\000m\000m\000a\000r\000y\000\040\000o\000f\000\040\000A\000c\000h\000i\000e\000v\000e\000m\000e\000n\000t\000s}{chapter.10}% 99
\BOOKMARK [1][-]{section.10.2}{\376\377\000T\000e\000c\000h\000n\000i\000c\000a\000l\000\040\000C\000o\000n\000t\000r\000i\000b\000u\000t\000i\000o\000n\000s}{chapter.10}% 100
\BOOKMARK [1][-]{section.10.3}{\376\377\000L\000i\000m\000i\000t\000a\000t\000i\000o\000n\000s}{chapter.10}% 101
\BOOKMARK [1][-]{section.10.4}{\376\377\000F\000u\000t\000u\000r\000e\000\040\000W\000o\000r\000k}{chapter.10}% 102
\BOOKMARK [2][-]{subsection.10.4.1}{\376\377\000S\000h\000o\000r\000t\000-\000T\000e\000r\000m\000\040\000\050\000N\000e\000x\000t\000\040\0003\000\040\000M\000o\000n\000t\000h\000s\000\051}{section.10.4}% 103
\BOOKMARK [2][-]{subsection.10.4.2}{\376\377\000M\000e\000d\000i\000u\000m\000-\000T\000e\000r\000m\000\040\000\050\0006\040\023\0001\0002\000\040\000M\000o\000n\000t\000h\000s\000\051}{section.10.4}% 104
\BOOKMARK [2][-]{subsection.10.4.3}{\376\377\000L\000o\000n\000g\000-\000T\000e\000r\000m\000\040\000V\000i\000s\000i\000o\000n}{section.10.4}% 105
\BOOKMARK [1][-]{section.10.5}{\376\377\000P\000e\000r\000s\000o\000n\000a\000l\000\040\000R\000e\000f\000l\000e\000c\000t\000i\000o\000n}{chapter.10}% 106
\BOOKMARK [0][-]{appendix.A}{\376\377\000A\000P\000I\000\040\000R\000e\000f\000e\000r\000e\000n\000c\000e}{}% 107
\BOOKMARK [1][-]{section.A.1}{\376\377\000A\000P\000I\000\040\000G\000a\000t\000e\000w\000a\000y\000\040\000E\000n\000d\000p\000o\000i\000n\000t\000s\000\040\000\050\000P\000o\000r\000t\000\040\0008\0000\0000\0000\000\051}{appendix.A}% 108
\BOOKMARK [1][-]{section.A.2}{\376\377\000A\000u\000t\000h\000\040\000S\000e\000r\000v\000i\000c\000e\000\040\000E\000n\000d\000p\000o\000i\000n\000t\000s\000\040\000\050\000P\000o\000r\000t\000\040\0008\0000\0000\0002\000\051}{appendix.A}% 109
\BOOKMARK [1][-]{section.A.3}{\376\377\000A\000I\000\040\000S\000e\000r\000v\000i\000c\000e\000\040\000E\000n\000d\000p\000o\000i\000n\000t\000s\000\040\000\050\000P\000o\000r\000t\000\040\0008\0000\0000\0001\000,\000\040\000I\000n\000t\000e\000r\000n\000a\000l\000\051}{appendix.A}% 110
\BOOKMARK [1][-]{section.A.4}{\376\377\000E\000x\000a\000m\000p\000l\000e\000\040\000A\000P\000I\000\040\000U\000s\000a\000g\000e}{appendix.A}% 111
\BOOKMARK [0][-]{appendix.B}{\376\377\000D\000a\000t\000a\000b\000a\000s\000e\000\040\000S\000c\000h\000e\000m\000a}{}% 112
\BOOKMARK [1][-]{section.B.1}{\376\377\000P\000o\000s\000t\000g\000r\000e\000S\000Q\000L\000\040\000S\000c\000h\000e\000m\000a}{appendix.B}% 113
\BOOKMARK [1][-]{section.B.2}{\376\377\000E\000n\000t\000i\000t\000y\000-\000R\000e\000l\000a\000t\000i\000o\000n\000s\000h\000i\000p\000\040\000D\000i\000a\000g\000r\000a\000m}{appendix.B}% 114
